<html>
<body>
<pre>
<h1>µVision Build Log</h1>
<h2>Tool Versions:</h2>
IDE-Version: ¦ÌVision V5.34.0.0
Copyright (C) 2021 ARM Ltd and ARM Germany GmbH. All rights reserved.
License Information: 1 1, 1, LIC=4ZLZX-HQMZR-35RTX-HHHPX-H4EUR-8ZSXY
 
Tool Versions:
Toolchain:       MDK-ARM Professional  Version: 5.34.0.0
Toolchain Path:  D:\winapp\keil\Core\ARM\ARMCC\Bin
C Compiler:      Armcc.exe V5.06 update 7 (build 960)
Assembler:       Armasm.exe V5.06 update 7 (build 960)
Linker/Locator:  ArmLink.exe V5.06 update 7 (build 960)
Library Manager: ArmAr.exe V5.06 update 7 (build 960)
Hex Converter:   FromElf.exe V5.06 update 7 (build 960)
CPU DLL:         SARMCM3.DLL V5.34.0.0
Dialog DLL:      DCM.DLL V1.17.3.0
Target DLL:      STLink\ST-LINKIII-KEIL_SWO.dll V3.0.8.0
Dialog DLL:      TCM.DLL V1.48.0.0
 
<h2>Project:</h2>
C:\Users\23517\Desktop\plasma_test\plasma_test\MDK-ARM\plasma_test.uvprojx
Project File Date:  07/27/2026

<h2>Output:</h2>
*** Using Compiler 'V5.06 update 7 (build 960)', folder: 'D:\winapp\keil\Core\ARM\ARMCC\Bin'
Rebuild target 'plasma_test'
assembling startup_stm32f407xx.s...
compiling bsp_rgb.c...
compiling usart.c...
compiling packet_comm.c...
compiling bsp_relay.c...
compiling gpio.c...
compiling bsp_fan.c...
compiling bsp_limit_switch.c...
compiling bsp_gas_valve.c...
compiling mfc.c...
compiling bsp_plasma_feedback.c...
compiling stm32f4xx_it.c...
compiling bsp_buzzer.c...
../Src/bsp_buzzer.c(21): warning:  #188-D: enumerated type mixed with another type
  static BuzzerState_t buzzer_state[2] = {0};
../Src/bsp_buzzer.c: 1 warning, 0 errors
compiling modbus_rtu.c...
compiling main.c...
compiling gas_pressure.c...
compiling stm32f4xx_hal_pwr_ex.c...
compiling stm32f4xx_hal_msp.c...
compiling stm32f4xx_hal_dma_ex.c...
compiling stm32f4xx_hal.c...
compiling stm32f4xx_hal_gpio.c...
compiling stm32f4xx_hal_uart.c...
compiling stm32f4xx_hal_rcc_ex.c...
compiling stm32f4xx_hal_flash.c...
compiling stm32f4xx_hal_rcc.c...
compiling stm32f4xx_hal_flash_ex.c...
compiling stm32f4xx_hal_cortex.c...
compiling stm32f4xx_hal_exti.c...
compiling stm32f4xx_hal_flash_ramfunc.c...
compiling stm32f4xx_hal_pwr.c...
compiling stm32f4xx_hal_dma.c...
compiling system_stm32f4xx.c...
linking...
Program Size: Code=17904 RO-data=1564 RW-data=848 ZI-data=5160  
FromELF: creating hex file...
"plasma_test\plasma_test.axf" - 0 Error(s), 1 Warning(s).

<h2>Software Packages used:</h2>

Package Vendor: ARM
                http://www.keil.com/pack/ARM.CMSIS.5.7.0.pack
                ARM.CMSIS.5.7.0
                CMSIS (Cortex Microcontroller Software Interface Standard)
   * Component: CORE Version: 5.4.0

Package Vendor: Keil
                https://www.keil.com/pack/Keil.STM32F4xx_DFP.3.1.1.pack
                Keil.STM32F4xx_DFP.3.1.1
                STMicroelectronics STM32F4 Series Device Support

<h2>Collection of Component include folders:</h2>
  .\RTE\_plasma_test
  D:\winapp\keil\Pack\ARM\CMSIS\5.7.0\CMSIS\Core\Include

<h2>Collection of Component Files used:</h2>

   * Component: ARM::CMSIS:CORE:5.4.0
      Include file:  CMSIS\Core\Include\tz_context.h
Build Time Elapsed:  00:00:14
</pre>
</body>
</html>
